// Jest Snapshot v1, https://goo.gl/fbAQLP

exports[`Sidebar without props Should match snapshot 1`] = `
.c0 {
  min-height: 100%;
  width: 200px;
  background: white;
}

<aside
  className="c0"
/>
`;
