// Jest Snapshot v1, https://goo.gl/fbAQLP

exports[`Icon without props Should match snapshot 1`] = `
<i
  className="fa fa-undefined"
/>
`;
