// Jest Snapshot v1, https://goo.gl/fbAQLP

exports[`Form without props Should match snapshot 1`] = `
.c0 {
  max-width: 300px;
}

<form
  className="c0"
/>
`;
